Script started on Thu Dec  6 07:32:12 2018
[?1034hbash-3.2$ cat ../typescript 
bash-3.2$ git init
Initialized empty Git repository in /Users/sjbrown/Git/datasciencecoursera/.git/
bash-3.2$ git remote add datasciencecoursera https://github.com/dtsjbrown/datasciencecoursera
bash-3.2$ git add -A
bash-3.2$ git commit -m "Adding HelloWorld.md file"
bash-3.2$ git pull datasciencecoursera
bash-3.2$ git status
bash-3.2$ pwd
/Users/sjbrown/Git/datasciencecoursera
bash-3.2$ git init
Initialized empty Git repository in /Users/sjbrown/Git/datasciencecoursera/.git/
bash-3.2$ git remote add datasciencecoursera https://github.com/dtsjbrown/datasciencecoursera
bash-3.2$ git add -A
bash-3.2$ vi HelloWorld.md
[?2004h[?1049h[?1h=[?2004h[1;18r[?12h[?12l[27m[29m[m[H[2J[?25l[18;1H"HelloWorld.md" [New File][2;1H▽[6n[2;1H  [1;1H[>c]11;?[2;1H[94m~                                                                                                                      [3;1H~                                                                                                                      [4;1H~                                                                                                                      [5;1H~                                                                                                                      [6;1H~                                                                                                                      [7;1H~                                                                                                                      [8;1H~                                                                                                                      [9;1H~                                                                                                                      [10;1H~                                                                                                                      [11;1H~                                                                                                                      [12;1H~                                                                                                                      [13;1H~                                                                                                                      [14;1H~                                                                                                                      [15;1H~                                                                                                                      [16;1H~                                                                                                                      [17;1H~                                                                                                                      [1;1H[?25h[?12$p[?25l[m[18;1H[1m-- INSERT --[m[18;13H[K[1;1H[?25h[?25l## This is a markdown file[?25h[18;1H[K[1;26H[?25l[?25h[?25l[18;1H:[?2004h[?25hwq[?25l[?2004l"HelloWorld.md" [New] 1L, 27C written
[?2004l[?1l>[?25h[?1049lbash-3.2$ comm[K[K[K[Kgit commit -m "Adding HelloWorld.md file"
[master (root-commit) 2e15137] Adding HelloWorld.md file
 1 file changed, 12 insertions(+)
 create mode 100644 typescript
bash-3.2$ git push datasciencecoursera
fatal: The current branch master has no upstream branch.
To push the current branch and set the remote as upstream, use

    git push --set-upstream datasciencecoursera master

bash-3.2$ git push --set-upstream datasciencecoursera master
To https://github.com/dtsjbrown/datasciencecoursera
 ! [rejected]        master -> master (fetch first)
error: failed to push some refs to 'https://github.com/dtsjbrown/datasciencecoursera'
hint: Updates were rejected because the remote contains work that you do
hint: not have locally. This is usually caused by another repository pushing
hint: to the same ref. You may want to first integrate the remote changes
hint: (e.g., 'git pull ...') before pushing again.
hint: See the 'Note about fast-forwards' in 'git push --help' for details.
bash-3.2$ git pull datasciencecoursera
warning: no common commits
remote: Enumerating objects: 3, done.[K
remote: Counting objects:  33% (1/3)   [Kremote: Counting objects:  66% (2/3)   [Kremote: Counting objects: 100% (3/3)   [Kremote: Counting objects: 100% (3/3), done.[K
remote: Compressing objects:  50% (1/2)   [Kremote: Compressing objects: 100% (2/2)   [Kremote: Compressing objects: 100% (2/2), done.[K
remote: Total 3 (delta 0), reused 0 (delta 0), pack-reused 0[K
Unpacking objects:  33% (1/3)   Unpacking objects:  66% (2/3)   Unpacking objects: 100% (3/3)   Unpacking objects: 100% (3/3), done.
From https://github.com/dtsjbrown/datasciencecoursera
 * [new branch]      master     -> datasciencecoursera/master
You asked to pull from the remote 'datasciencecoursera', but did not specify
a branch. Because this is not the default configured remote
for your current branch, you must specify a branch on the command line.
bash-3.2$ git status
On branch master
Changes not staged for commit:
  (use "git add <file>..." to update what will be committed)
  (use "git checkout -- <file>..." to discard changes in working directory)

	[31mmodified:   typescript[m

Untracked files:
  (use "git add <file>..." to include in what will be committed)

	[31mHelloWorld.md[m

no changes added to commit (use "git add" and/or "git commit -a")
bash-3.2$ git statuspull datasciencecoursera[C[C[C[C[C[C[C[C[C[C[C[C[C[C[C[Csh --set-upstream datasciencecoursera master[C[C[C[C[C[C[C[C[C[C[C[C[C[C[C[C[C[C[C[22Pdatasciencecoursera
fatal: The current branch master has no upstream branch.
To push the current branch and set the remote as upstream, use

    git push --set-upstream datasciencecoursera master

bash-3.2$ git push datasciencecoursera[C[C[C[C[C[C[C[C[C[C[C[C[C[Cstatus[Kpull datasciencecoursera[C[C[C[C[C[C[C[C[C[C[C[C[C[C[C[Csh --set-upstream datasciencecoursera master
To https://github.com/dtsjbrown/datasciencecoursera
 ! [rejected]        master -> master (non-fast-forward)
error: failed to push some refs to 'https://github.com/dtsjbrown/datasciencecoursera'
hint: Updates were rejected because the tip of your current branch is behind
hint: its remote counterpart. Integrate the remote changes (e.g.
hint: 'git pull ...') before pushing again.
hint: See the 'Note about fast-forwards' in 'git push --help' for details.
bash-3.2$ git push --set-upstream datasciencecoursera master[C[C[C[C[C[C[C[C[C[C[C[C[C[C[C[C[C[C[C[22Pdatasciencecoursera[C[C[C[C[C[C[C[C[C[C[C[C[C[Cstatus[Kpull datasciencecoursera[C[C[C[C[C[C[C[C[C[C[C[C[C[C[C[Csh --set-upstream datasciencecoursera master[C[C[C[C[C[C[C[C[C[C[C[C[C[C[C[C[C[C[C[22Pdatasciencecoursera[C[C[C[C[C[C[C[C[C[C[C[C[C[Ccommit -m "Adding HelloWorld.md file"[C[C[C[C[C[C[C[C[C[C[25Pvi HelloWorld.md[C[C[C[C[C[C[C[C[C[Cgit commit -m "Adding HelloWorld.md file"[K[K[K[K[K[K[K[K[K[K[K[K[K[K[K[K[K[K[K[K[K[K[K[K[K[KSyncing with remote"
On branch master
Changes not staged for commit:
	[31mmodified:   typescript[m

Untracked files:
	[31mHelloWorld.md[m

no changes added to commit
bash-3.2$ git branh[Kch
[?1h=* [32mmaster[m[m
[K[?1l>bash-3.2$ git push for[K[K[K--roce[K[K[K[Kforce
fatal: No configured push destination.
Either specify the URL from the command-line or configure a remote repository using

    git remote add <name> <url>

and then push using the remote name

    git push <name>

bash-3.2$ git push --force datasciencecoursera
fatal: The current branch master has no upstream branch.
To push the current branch and set the remote as upstream, use

    git push --set-upstream datasciencecoursera master

bash-3.2$ git remote -v
datasciencecoursera	https://github.com/dtsjbrown/datasciencecoursera (fetch)
datasciencecoursera	https://github.com/dtsjbrown/datasciencecoursera (push)
bash-3.2$ git branch -a
[?1h=* [32mmaster[m[m
  [31mremotes/datasciencecoursera/master[m[m
[K[?1l>bash-3.2$ git push --set-upstream datasciene[Kcecoursera master
To https://github.com/dtsjbrown/datasciencecoursera
 ! [rejected]        master -> master (non-fast-forward)
error: failed to push some refs to 'https://github.com/dtsjbrown/datasciencecoursera'
hint: Updates were rejected because the tip of your current branch is behind
hint: its remote counterpart. Integrate the remote changes (e.g.
hint: 'git pull ...') before pushing again.
hint: See the 'Note about fast-forwards' in 'git push --help' for details.
bash-3.2$ git push --set-upstream datasciencecoursera master[C[C[C[C[C[C[C[C[C[C[C[C[C[Cbranch -a[Kremote -vpush --force datasciencecoursera[K[6Pbranchcommit -m "Syncing with remote"[C[C[C[C[C[C[C[C[C[C[C[C[C[Cpush --set-upstream datasciencecoursera master[C[C[C[C[C[C[C[C[C[C[C[C[C[C[C[C[C[C[C[22Pdatasciencecoursera[C[C[C[C[C[C[C[C[C[C[C[C[C[Cstatus[Kpull datasciencecoursera[C[C[C[C[C[C[C[C[C[C[C[C[C[C[C[Csh --set-upstream datasciencecoursera master[C[C[C[C[C[C[C[C[C[C[C[C[C[C[C[C[C[C[C[22Pdatasciencecoursera[C[C[C[C[C[C[C[C[C[C[C[C[C[Ccommit -m "Adding HelloWorld.md file"[C[C[C[C[C[C[C[C[C[C[25Pvi HelloWorld.md[C[C[C[C[C[C[C[C[C[C[6Pgit add -Aremote add datasciencecoursera https://github.com/dtsjbrown/datasciencecoursera[K[K[K[K[K[K[K[K[K[K[K[K[K[K[K[K[K[K[K[K[K[K[K[K[K[K[K[K[K[K[K[K[K[K[K[K[K[K[K[K[K[K[K[K[K[K[K[K[K[K[K[K[K[K[K[K[K[K[K[K[K[K[K[K[K[K[K[Korigin git@github.com:dtsjbrown/datasciencecoursera.git
bash-3.2$ git push -u origin master
The authenticity of host 'github.com (192.30.255.113)' can't be established.
RSA key fingerprint is SHA256:nThbg6kXUpJWGl7E1IGOCspRomTxdCARLviKw6E5SY8.
Are you sure you want to continue connecting (yes/no)? yes
Warning: Permanently added 'github.com,192.30.255.113' (RSA) to the list of known hosts.
git@github.com: Permission denied (publickey).
fatal: Could not read from remote repository.

Please make sure you have the correct access rights
and the repository exists.
bash-3.2$ git push -u origin master[C[C[C[C[C[C[C[C[C[C[C[C[C[Cremote add origin git@github.com:dtsjbrown/datasciencecoursera.git[K
bash-3.2$ git push -u origin master[C[C[C[C[C[C[C[C[C[C[C[C[C[Cremote add origin git@github.com:dtsjbrown/datasciencecoursera.git[C[C[C[C[C[C[C[C[C[C[C[C[C[Cpush -u origin master[K
git@github.com: Permission denied (publickey).
fatal: Could not read from remote repository.

Please make sure you have the correct access rights
and the repository exists.
bash-3.2$ pwd
/Users/sjbrown/Git/datasciencecoursera
bash-3.2$ cd ..
bash-3.2$ ls -ratl
total 8
-rw-r--r--   1 sjbrown  staff  327 Dec  6 07:31 typescript
drwxr-xr-x   4 sjbrown  staff  128 Dec  6 07:31 .
drwxr-xr-x   5 sjbrown  staff  160 Dec  6 07:33 datasciencecoursera
drwxr-xr-x+ 26 sjbrown  staff  832 Dec  6 07:57 ..
bash-3.2$ cd ..
bash-3.2$ l s-rat[K[K[K[K[K[K[Kls -ratl
total 72
drwxr-xr-x+  4 sjbrown  staff    128 Nov 14 10:54 Public
-r--------   1 sjbrown  staff      7 Nov 14 10:58 .CFUserTextEncoding
drwx------+  4 sjbrown  staff    128 Nov 14 11:13 Music
drwxr-xr-x   3 sjbrown  staff     96 Nov 14 17:51 .zoomus
drwx------   3 sjbrown  staff     96 Nov 19 16:44 .cups
drwxr-xr-x   8 root     admin    256 Nov 20 09:29 ..
drwx------@  3 sjbrown  staff     96 Nov 23 20:07 Applications
drwx------@ 71 sjbrown  staff   2272 Nov 27 23:59 Library
drwx------+  4 sjbrown  staff    128 Nov 28 00:02 Movies
drwx------+  4 sjbrown  staff    128 Nov 29 13:20 Pictures
-rw-r--r--   1 sjbrown  staff      0 Dec  4 19:23 .Rapp.history
drwxr-xr-x  17 sjbrown  staff    544 Dec  4 19:26 .rstudio-desktop
-rw-r--r--   1 sjbrown  staff     54 Dec  5 07:11 .gitconfig
drwx------  35 sjbrown  staff   1120 Dec  5 08:17 .bash_sessions
drwx------  13 sjbrown  staff    416 Dec  5 15:30 .dropbox
drwx------@ 48 sjbrown  staff   1536 Dec  5 15:30 Dropbox
drwx------@ 11 sjbrown  staff    352 Dec  5 16:16 Documents
drwx------  96 sjbrown  staff   3072 Dec  5 17:24 .Trash
drwx------@ 23 sjbrown  staff    736 Dec  6 07:06 Desktop
drwx------+ 50 sjbrown  staff   1600 Dec  6 07:09 Downloads
-rw-r--r--@  1 sjbrown  staff  12292 Dec  6 07:09 .DS_Store
-rw-------   1 sjbrown  staff   1610 Dec  6 07:27 .bash_history
drwxr-xr-x   4 sjbrown  staff    128 Dec  6 07:31 Git
-rw-------   1 sjbrown  staff   5846 Dec  6 07:33 .viminfo
drwxr-xr-x+ 26 sjbrown  staff    832 Dec  6 07:57 .
drwx------   3 sjbrown  staff     96 Dec  6 07:57 .ssh
bash-3.2$ cd l[K.ssh
bash-3.2$ ls -ratl
total 8
drwxr-xr-x+ 26 sjbrown  staff  832 Dec  6 07:57 ..
drwx------   3 sjbrown  staff   96 Dec  6 07:57 .
-rw-r--r--   1 sjbrown  staff  407 Dec  6 07:57 known_hosts
bash-3.2$ ls -ratl[1Pcd .sshls -ratl[3Pcd ..ls -ratl[3Pcd ..git push -u origin master
bash: cd: ..git: No such file or directory
bash-3.2$ git pu[K[K[K[K[K[Kgit push -u origin master
fatal: not a git repository (or any of the parent directories): .git
bash-3.2$ pwd
/Users/sjbrown/.ssh
bash-3.2$ cd
bash-3.2$ cd Git/
bash-3.2$ cd datasciencecoursera/
bash-3.2$ cd datasciencecoursera/[C[C[C[C[C[C[C[C[C[C[C[C[CGit/[K[Kpwdgit push -u origin master
Counting objects: 3, done.
Delta compression using up to 8 threads.
Compressing objects:  50% (1/2)   Compressing objects: 100% (2/2)   Compressing objects: 100% (2/2), done.
Writing objects:  33% (1/3)   Writing objects:  66% (2/3)   Writing objects: 100% (3/3)   Writing objects: 100% (3/3), 468 bytes | 468.00 KiB/s, done.
Total 3 (delta 0), reused 0 (delta 0)
remote: 
remote: Create a pull request for 'master' on GitHub by visiting:[K
remote:      https://github.com/dtsjbrown/datasciencecoursera/pull/new/master[K
remote: 
To github.com:dtsjbrown/datasciencecoursera.git
 * [new branch]      master -> master
Branch 'master' set up to track remote branch 'master' from 'origin'.
bash-3.2$ ls -ratl
total 40
drwxr-xr-x   4 sjbrown  staff    128 Dec  6 07:31 ..
-rw-r--r--   1 sjbrown  staff     27 Dec  6 07:33 HelloWorld.md
drwxr-xr-x   5 sjbrown  staff    160 Dec  6 07:33 .
drwxr-xr-x  13 sjbrown  staff    416 Dec  6 08:42 .git
-rw-r--r--   1 sjbrown  staff  14722 Dec  6 08:43 typescript
bash-3.2$ git commit -m "Adding HelloWorld.md for real this time"[K[K[K[K[K[K[K[K[K[K[K[K[K[K[K[K[K[K[Kattempt #2"
On branch master
Your branch is up to date with 'origin/master'.

Changes not staged for commit:
	[31mmodified:   typescript[m

Untracked files:
	[31mHelloWorld.md[m

no changes added to commit
bash-3.2$ ls -ratl
total 40
drwxr-xr-x   4 sjbrown  staff    128 Dec  6 07:31 ..
-rw-r--r--   1 sjbrown  staff     27 Dec  6 07:33 HelloWorld.md
drwxr-xr-x   5 sjbrown  staff    160 Dec  6 07:33 .
-rw-r--r--   1 sjbrown  staff  15056 Dec  6 08:44 typescript
drwxr-xr-x  13 sjbrown  staff    416 Dec  6 08:44 .git
bash-3.2$ git add -A
bash-3.2$ git add -A[2Pls -ratlgit commit -m "Adding HelloWorld.md attempt #2"[K[K3[K2"
[master 12fcb1b] Adding HelloWorld.md attempt #2
 2 files changed, 217 insertions(+), 1 deletion(-)
 create mode 100644 HelloWorld.md
bash-3.2$ git commit -m "Adding HelloWorld.md attempt #2"[C[C[C[C[C[C[C[C[C[C[C[C[C[Cadd -A[K[2Pls -ratlgit commit -m "Adding HelloWorld.md attempt #2"[C[C[C[C[C[C[C[C[C[Cls -ratl[Kgit push -u origin master
Counting objects: 4, done.
Delta compression using up to 8 threads.
Compressing objects:  33% (1/3)   Compressing objects:  66% (2/3)   Compressing objects: 100% (3/3)   Compressing objects: 100% (3/3), done.
Writing objects:  25% (1/4)   Writing objects:  50% (2/4)   Writing objects:  75% (3/4)   Writing objects: 100% (4/4)   Writing objects: 100% (4/4), 3.40 KiB | 3.40 MiB/s, done.
Total 4 (delta 0), reused 0 (delta 0)
To github.com:dtsjbrown/datasciencecoursera.git
   2e15137..12fcb1b  master -> master
Branch 'master' set up to track remote branch 'master' from 'origin'.
bash-3.2$ exit
exit

Script done on Thu Dec  6 08:46:07 2018
